Rectangle length: Rectangle width: Rectangle Perimeter: 2002
Rectangle Area: 186238