Rectangle length: Rectangle width: Rectangle Perimeter: 21136
Rectangle Area: 27747600