Rectangle length: Rectangle width: Rectangle Perimeter: 3438
Rectangle Area: 736190