Rectangle length: Rectangle width: Rectangle Perimeter: 160
Rectangle Area: 1500