Rectangle length: Rectangle width: Rectangle Perimeter: 158
Rectangle Area: 1288