Radius: The area of a circle with radius 72.26 is 16395.53
The circumference of a circle with radius 72.26 is 453.79
The volume of a sphere with radius 72.26 is 1579655.04
The surface area of a sphere with radius 72.26 is 65582.14