Radius: The area of a circle with radius 20.01 is 1257.26
The circumference of a circle with radius 20.01 is 125.66
The volume of a sphere with radius 20.01 is 33543.60
The surface area of a sphere with radius 20.01 is 5029.03