Radius: The area of a circle with radius 2.0 is 12.56
The circumference of a circle with radius 2.0 is 12.56
The volume of a sphere with radius 2.0 is 33.49
The surface area of a sphere with radius 2.0 is 50.24