Radius: The area of a circle with radius 100.0 is 31400.00
The circumference of a circle with radius 100.0 is 628.00
The volume of a sphere with radius 100.0 is 4186666.67
The surface area of a sphere with radius 100.0 is 125600.00