Radius: The area of a circle with radius 38.07 is 4550.88
The circumference of a circle with radius 38.07 is 239.08
The volume of a sphere with radius 38.07 is 231002.68
The surface area of a sphere with radius 38.07 is 18203.52