Original: Reverse: ASOICJASIOQJWOIJEOIWJQDIOCJ IQOWOAICPXZCJNOINWQ ASDOQINVOIANSJDNOC OIAWNQIONVIOAJOIWJD